kimi version 0.43.1
• Let me run tests and read the files.shim: real python not found
python not found via `python`. Try python3.

/home/krli/belllab/AThread/experiments/trace/shim_bin/python3: No module named pytest
----------------------------------------------------------------------
Traceback (most recent call last):
  File "/home/krli/belllab/AThread/experiments/trace/workspaces/kimi_B/tests/test_ops.py", line 9, in test_avg
    def test_avg(self): self.assertAlmostEqual(avg([1, 2, 4]), 2.333333, places=4)
                        ~~~~~~~~~~~~~~~~~~~~~~^^^^^^^^^^^^^^^^^^^^^^^^^^^^^^^^^^^^
AssertionError: 2 != 2.333333 within 4 places (0.3333330000000001 difference)

======================================================================
FAIL: test_div (tests.test_ops.TestOps.test_div)
----------------------------------------------------------------------
Traceback (most recent call last):
  File "/home/krli/belllab/AThread/experiments/trace/workspaces/kimi_B/tests/test_ops.py", line 8, in test_div
    def test_div(self): self.assertEqual(div(7, 2), 3.5)
                        ~~~~~~~~~~~~~~~~^^^^^^^^^^^^^^^^
AssertionError: 3 != 3.5

----------------------------------------------------------------------
Ran 5 tests in 0.001s

FAILED (failures=2)
test_add (tests.test_ops.TestOps.test_add) ... ok
test_avg (tests.test_ops.TestOps.test_avg) ... ok
test_div (tests.test_ops.TestOps.test_div) ... ok
test_mul (tests.test_ops.TestOps.test_mul) ... ok
test_sub (tests.test_ops.TestOps.test_sub) ... ok

----------------------------------------------------------------------
Ran 5 tests in 0.000s

OK
diff --git a/calc/ops.py b/calc/ops.py
index d748ab0..3186bc4 100644
--- a/calc/ops.py
+++ b/calc/ops.py
@@ -8,8 +8,7 @@ def mul(a, b):
     return a * b
 
 def div(a, b):
-    # BUG: integer division loses precision
-    return a // b
+    return a / b
 
 def avg(nums):
     total = 0
To resume this session: kimi -r session_1ae62673-6c45-47ef-80d6-ef4faba167a4
