kimi version 0.43.1
• Let me explore the repo structure first.module00
module01
module02
module03
module04
module05
module06
module07
module08
module09
module10
module11
module12
module13
module14
module15
module16
module17
module18
module19
---
file000.py
file001.py
file002.py
file003.py
file004.py
file005.py
file006.py
file007.py
file008.py
file009.py
---
100
100
# HbolMJUevblAbkHClEQaPKriXrefSFPLBYtCRGSEKclpemfoHstknWHFiLitZHCJROlbqnkXTqIuVxnmDnEUulZAecfGPvdtZBYSaLJBnHfwxXTnAjVTpHFhNCOBaqbWTRpdTXezdNNgyCnTwlCLkqZHwAglrElldGlVSdmIlgWDyOPjfwwyLJZfurSmjxvomWxSCcZR









import os
import sys

def foo_0():
    return 0
---
# WSizludtZnOxvXZCLipYECMcEASiXejEJmgUmEGvEBWkLmuIpqNdxZZdlnWTTtiRKFZIaQpIWggfCoFLkGnzVRewoaOHnMCwadTVCREhgqUPSUkmfOTvGiWSYQTbMrWPSQnOfTSlQxpPlbkrSYoHuZBWfYjYnfwLqFAuDnKaWBLMIsdIrqSLpqvupgvWJUGpCaowEIyw

















import os
import sys

def foo_1():
    return 1
---
# winOUOXqQGjGfeYRSjXybYfKlLnRFVPefzaErOWoDGIjsrMUwfHmSbwAIAnNPpoyktUVfPaKyyjdfllOVDGVSKcSjaXQDYJAkzZPzfVogVbYpySuttCXyPLHeSMXLuAUMArhlQCcDgNBCnbvRPketJiUBcLlNpDUZhzXHENGXYGfygCjmfGmORBEkxfoiakMMOKtjkKy




















import os
import sys

def foo_99():
    return 99
Files define `foo_N` (e.g., foo_0, not foo_000). The convention says foo_NNN — but actual is foo_0 with return 0. Let me check: file001.py defines foo_1. So the function name might be without zero padding. The user said "fileNNN.py 中应定义函数 foo_NNN 且返回 NNN" — but actual convention may be foo_0. I should write a verifier that checks both perhaps, or check the actual convention. Let me write a script that imports each file and checks the return value matches the file number, and reports the function name. Best to check via importlib: find a function matching `foo_*` and call it.total: 2000, OK: 2000, BAD: 0
?? src/module00/__pycache__/
?? src/module01/__pycache__/
?? src/module02/__pycache__/
?? src/module03/__pycache__/
?? src/module04/__pycache__/
?? src/module05/__pycache__/
?? src/module06/__pycache__/
?? src/module07/__pycache__/
?? src/module08/__pycache__/
?? src/module09/__pycache__/
?? src/module10/__pycache__/
?? src/module11/__pycache__/
?? src/module12/__pycache__/
?? src/module13/__pycache__/
?? src/module14/__pycache__/
?? src/module15/__pycache__/
?? src/module16/__pycache__/
?? src/module17/__pycache__/
?? src/module18/__pycache__/
?? src/module19/__pycache__/
exit=0
fe8a411 init
---
2000
The verification created __pycache__ dirs — that's a side effect I introduced. User said don't modify any files. __pycache__ are generated artifacts. I should clean them up to restore the workspace to pristine state.

WORKTREE_CLEAN(exit=0)
To resume this session: kimi -r session_2822fef4-2a8c-472a-9ccf-b4c9f8fde28f
