kimi version 0.43.1
• Let me run npm test and look at files.
> webapp@1.0.0 test
> node test.js

node:internal/assert/utils:146
  throw error;
  ^

AssertionError [ERR_ASSERTION]: The expression evaluated to a falsy value:

  assert.ok(Math.abs(mean([1, 2, 4]) - 2.333333) < 1e-4)

    at Object.<anonymous> (/home/krli/belllab/AThread/experiments/trace/workspaces/kimi_C/test.js:5:8)
    at Module._compile (node:internal/modules/cjs/loader:1934:14)
    at Object..js (node:internal/modules/cjs/loader:2074:10)
    at Module.load (node:internal/modules/cjs/loader:1656:32)
    at Module._load (node:internal/modules/cjs/loader:1448:12)
    at wrapModuleLoad (node:internal/modules/cjs/loader:261:19)
    at Module.executeUserEntryPoint [as runMain] (node:internal/modules/run_main:154:5)
    at node:internal/main/run_main_module:33:47 {
  generatedMessage: true,
  code: 'ERR_ASSERTION',
  actual: false,
  expected: true,
  operator: '==',
  diff: 'simple'
}

Node.js v26.8.1
Fix the mean function.
> webapp@1.0.0 test
> node test.js

ALL TESTS PASSED


To resume this session: kimi -r session_567cf958-01a8-4d55-8a9b-6d478f50c023
