kimi version 0.43.1
• Simple analysis task. Do it directly.50000
## master
 37708 total
# qhHdBtdAbwdewQglGXEuYcSphgqQjEHtCddkJwqExpPKmDBTLoYgvNhzcINDTqKEExRXyIdKHZQouIbyigdNgmuTexCTQSovsTXhjmmzEnavtDXJAGJcUOTPuufGddkircahfsbTFhnssgSZyzefrn



















def fn_0_0():
    return 0
# RibXBhCbBYSKntiOBOrlQZSPQMlAsbbonKXxWZXsllkkGURyHPeIVONyjPrPYuuXLighVPhQYIsCgaYHBWwTQknpmEnvgVsxEVvVABBawjaPiyLCqACOfDmoOADNVxFAAKxByWKTWnDXRhgwdmdIOU
def fn_0_1():
    return 1
---
1
Wait — wc -l total says 37708 lines for 50000 files? That can't be right. Let me check: `wc -l` with many files... output said "37708 total" but that seems too low. Actually many files may be 1-line? No — each file has a comment line, blank lines, and def/return. pkg000/mod000.py has ~30 lines. Hmm, xargs splits into multiple wc invocations, each producing its own "total" line, and tail -1 only shows the last batch's total. Yes, that's the bug. Use `wc -l | grep -v total` sum, or awk.

1100000
150000
• Total lines 1,100,000, non-blank 150,000. Interesting: 50000 files × 22 lines = 1.1M. And 150000 non-blank = 3 per file (comment, def, return).

  Now count functions returning even values per package. Function pattern: `def fn_X_Y(): return N`.函数总数: 50000, 返回偶数的函数: 25000
最多偶数返回值的包: 500 个 (每包 50 个)
['pkg000', 'pkg001', 'pkg002', 'pkg003', 'pkg004', 'pkg005', 'pkg006', 'pkg007', 'pkg008', 'pkg009', 'pkg010', 'pkg011', 'pkg012', 'pkg013', 'pkg014', 'pkg015', 'pkg016', 'pkg017', 'pkg018', 'pkg019', 'pkg020', 'pkg021', 'pkg022', 'pkg023', 'pkg024', 'pkg025', 'pkg026', 'pkg027', 'pkg028', 'pkg029', 'pkg030', 'pkg031', 'pkg032', 'pkg033', 'pkg034', 'pkg035', 'pkg036', 'pkg037', 'pkg038', 'pkg039', 'pkg040', 'pkg041', 'pkg042', 'pkg043', 'pkg044', 'pkg045', 'pkg046', 'pkg047', 'pkg048', 'pkg049', 'pkg050', 'pkg051', 'pkg052', 'pkg053', 'pkg054', 'pkg055', 'pkg056', 'pkg057', 'pkg058', 'pkg059', 'pkg060', 'pkg061', 'pkg062', 'pkg063', 'pkg064', 'pkg065', 'pkg066', 'pkg067', 'pkg068', 'pkg069', 'pkg070', 'pkg071', 'pkg072', 'pkg073', 'pkg074', 'pkg075', 'pkg076', 'pkg077', 'pkg078', 'pkg079', 'pkg080', 'pkg081', 'pkg082', 'pkg083', 'pkg084', 'pkg085', 'pkg086', 'pkg087', 'pkg088', 'pkg089', 'pkg090', 'pkg091', 'pkg092', 'pkg093', 'pkg094', 'pkg095', 'pkg096', 'pkg097', 'pkg098', 'pkg099', 'pkg100', 'pkg101', 'pkg102', 'pkg103', 'pkg104', 'pkg105', 'pkg106', 'pkg107', 'pkg108', 'pkg109', 'pkg110', 'pkg111', 'pkg112', 'pkg113', 'pkg114', 'pkg115', 'pkg116', 'pkg117', 'pkg118', 'pkg119', 'pkg120', 'pkg121', 'pkg122', 'pkg123', 'pkg124', 'pkg125', 'pkg126', 'pkg127', 'pkg128', 'pkg129', 'pkg130', 'pkg131', 'pkg132', 'pkg133', 'pkg134', 'pkg135', 'pkg136', 'pkg137', 'pkg138', 'pkg139', 'pkg140', 'pkg141', 'pkg142', 'pkg143', 'pkg144', 'pkg145', 'pkg146', 'pkg147', 'pkg148', 'pkg149', 'pkg150', 'pkg151', 'pkg152', 'pkg153', 'pkg154', 'pkg155', 'pkg156', 'pkg157', 'pkg158', 'pkg159', 'pkg160', 'pkg161', 'pkg162', 'pkg163', 'pkg164', 'pkg165', 'pkg166', 'pkg167', 'pkg168', 'pkg169', 'pkg170', 'pkg171', 'pkg172', 'pkg173', 'pkg174', 'pkg175', 'pkg176', 'pkg177', 'pkg178', 'pkg179', 'pkg180', 'pkg181', 'pkg182', 'pkg183', 'pkg184', 'pkg185', 'pkg186', 'pkg187', 'pkg188', 'pkg189', 'pkg190', 'pkg191', 'pkg192', 'pkg193', 'pkg194', 'pkg195', 'pkg196', 'pkg197', 'pkg198', 'pkg199', 'pkg200', 'pkg201', 'pkg202', 'pkg203', 'pkg204', 'pkg205', 'pkg206', 'pkg207', 'pkg208', 'pkg209', 'pkg210', 'pkg211', 'pkg212', 'pkg213', 'pkg214', 'pkg215', 'pkg216', 'pkg217', 'pkg218', 'pkg219', 'pkg220', 'pkg221', 'pkg222', 'pkg223', 'pkg224', 'pkg225', 'pkg226', 'pkg227', 'pkg228', 'pkg229', 'pkg230', 'pkg231', 'pkg232', 'pkg233', 'pkg234', 'pkg235', 'pkg236', 'pkg237', 'pkg238', 'pkg239', 'pkg240', 'pkg241', 'pkg242', 'pkg243', 'pkg244', 'pkg245', 'pkg246', 'pkg247', 'pkg248', 'pkg249', 'pkg250', 'pkg251', 'pkg252', 'pkg253', 'pkg254', 'pkg255', 'pkg256', 'pkg257', 'pkg258', 'pkg259', 'pkg260', 'pkg261', 'pkg262', 'pkg263', 'pkg264', 'pkg265', 'pkg266', 'pkg267', 'pkg268', 'pkg269', 'pkg270', 'pkg271', 'pkg272', 'pkg273', 'pkg274', 'pkg275', 'pkg276', 'pkg277', 'pkg278', 'pkg279', 'pkg280', 'pkg281', 'pkg282', 'pkg283', 'pkg284', 'pkg285', 'pkg286', 'pkg287', 'pkg288', 'pkg289', 'pkg290', 'pkg291', 'pkg292', 'pkg293', 'pkg294', 'pkg295', 'pkg296', 'pkg297', 'pkg298', 'pkg299', 'pkg300', 'pkg301', 'pkg302', 'pkg303', 'pkg304', 'pkg305', 'pkg306', 'pkg307', 'pkg308', 'pkg309', 'pkg310', 'pkg311', 'pkg312', 'pkg313', 'pkg314', 'pkg315', 'pkg316', 'pkg317', 'pkg318', 'pkg319', 'pkg320', 'pkg321', 'pkg322', 'pkg323', 'pkg324', 'pkg325', 'pkg326', 'pkg327', 'pkg328', 'pkg329', 'pkg330', 'pkg331', 'pkg332', 'pkg333', 'pkg334', 'pkg335', 'pkg336', 'pkg337', 'pkg338', 'pkg339', 'pkg340', 'pkg341', 'pkg342', 'pkg343', 'pkg344', 'pkg345', 'pkg346', 'pkg347', 'pkg348', 'pkg349', 'pkg350', 'pkg351', 'pkg352', 'pkg353', 'pkg354', 'pkg355', 'pkg356', 'pkg357', 'pkg358', 'pkg359', 'pkg360', 'pkg361', 'pkg362', 'pkg363', 'pkg364', 'pkg365', 'pkg366', 'pkg367', 'pkg368', 'pkg369', 'pkg370', 'pkg371', 'pkg372', 'pkg373', 'pkg374', 'pkg375', 'pkg376', 'pkg377', 'pkg378', 'pkg379', 'pkg380', 'pkg381', 'pkg382', 'pkg383', 'pkg384', 'pkg385', 'pkg386', 'pkg387', 'pkg388', 'pkg389', 'pkg390', 'pkg391', 'pkg392', 'pkg393', 'pkg394', 'pkg395', 'pkg396', 'pkg397', 'pkg398', 'pkg399', 'pkg400', 'pkg401', 'pkg402', 'pkg403', 'pkg404', 'pkg405', 'pkg406', 'pkg407', 'pkg408', 'pkg409', 'pkg410', 'pkg411', 'pkg412', 'pkg413', 'pkg414', 'pkg415', 'pkg416', 'pkg417', 'pkg418', 'pkg419', 'pkg420', 'pkg421', 'pkg422', 'pkg423', 'pkg424', 'pkg425', 'pkg426', 'pkg427', 'pkg428', 'pkg429', 'pkg430', 'pkg431', 'pkg432', 'pkg433', 'pkg434', 'pkg435', 'pkg436', 'pkg437', 'pkg438', 'pkg439', 'pkg440', 'pkg441', 'pkg442', 'pkg443', 'pkg444', 'pkg445', 'pkg446', 'pkg447', 'pkg448', 'pkg449', 'pkg450', 'pkg451', 'pkg452', 'pkg453', 'pkg454', 'pkg455', 'pkg456', 'pkg457', 'pkg458', 'pkg459', 'pkg460', 'pkg461', 'pkg462', 'pkg463', 'pkg464', 'pkg465', 'pkg466', 'pkg467', 'pkg468', 'pkg469', 'pkg470', 'pkg471', 'pkg472', 'pkg473', 'pkg474', 'pkg475', 'pkg476', 'pkg477', 'pkg478', 'pkg479', 'pkg480', 'pkg481', 'pkg482', 'pkg483', 'pkg484', 'pkg485', 'pkg486', 'pkg487', 'pkg488', 'pkg489', 'pkg490', 'pkg491', 'pkg492', 'pkg493', 'pkg494', 'pkg495', 'pkg496', 'pkg497', 'pkg498', 'pkg499']
最少的包 (每包 50 个): 500 个
All packages tie at 50 even-returning functions each. Verify git status is clean — already showed `## master` with no entries, clean. Report.

To resume this session: kimi -r session_667bd369-bcfb-474c-8b0e-87e173e12fa3
